// Jest Snapshot v1, https://jestjs.io/docs/snapshot-testing

exports[`CineHDPlus handle imdb babylon 5 s2e3 (es) 1`] = `
[
  {
    "meta": {
      "countryCodes": [
        "es",
      ],
      "referer": "https://cinehdplus.gratis/peliculas/19678-babylon-5-ver-online-hd.html",
      "title": "Babylon 5 2x3",
    },
    "url": "https://supervideo.tv/embed-1p0m1fi9mok8.html",
  },
  {
    "meta": {
      "countryCodes": [
        "es",
      ],
      "referer": "https://cinehdplus.gratis/peliculas/19678-babylon-5-ver-online-hd.html",
      "title": "Babylon 5 2x3",
    },
    "url": "https://dropload.io/embed-957hny8mzrvh.html",
  },
]
`;

exports[`CineHDPlus handle imdb black mirror s2e3 (mx) 1`] = `
[
  {
    "meta": {
      "countryCodes": [
        "mx",
      ],
      "referer": "https://cinehdplus.gratis/peliculas/9582-black-mirror-ver-online-hd.html",
      "title": "Black Mirror 2x3",
    },
    "url": "https://supervideo.tv/embed-avmgppo37sx1.html",
  },
  {
    "meta": {
      "countryCodes": [
        "mx",
      ],
      "referer": "https://cinehdplus.gratis/peliculas/9582-black-mirror-ver-online-hd.html",
      "title": "Black Mirror 2x3",
    },
    "url": "https://dropload.io/embed-t058ulwwkwn6.html",
  },
]
`;
