// Jest Snapshot v1, https://jestjs.io/docs/snapshot-testing

exports[`Eurostreaming game of thrones s1e1 1`] = `
[
  {
    "meta": {
      "countryCodes": [
        "it",
      ],
      "referer": "https://eurostreaming.luxe/stream/194-visualizza-game-of-thrones-il-trono-di-spade-5-streaming.html",
      "title": "Il Trono di Spade 1x1",
    },
    "url": "https://supervideo.cc/e/05jfivnr5hiw",
  },
  {
    "meta": {
      "countryCodes": [
        "it",
      ],
      "referer": "https://eurostreaming.luxe/stream/194-visualizza-game-of-thrones-il-trono-di-spade-5-streaming.html",
      "title": "Il Trono di Spade 1x1",
    },
    "url": "https://dropload.io/embed-dub8oh3k3yk5.html",
  },
]
`;

exports[`Eurostreaming handle imdb black mirror s2e4 1`] = `
[
  {
    "meta": {
      "countryCodes": [
        "it",
      ],
      "referer": "https://eurostreaming.luxe/stream/284-black-mirror-streaming-streaming.html",
      "title": "Black Mirror 2x4",
    },
    "url": "https://supervideo.cc/e/anf0clp2vb6y",
  },
  {
    "meta": {
      "countryCodes": [
        "it",
      ],
      "referer": "https://eurostreaming.luxe/stream/284-black-mirror-streaming-streaming.html",
      "title": "Black Mirror 2x4",
    },
    "url": "https://dropload.io/embed-978xyyxi3ldq.html",
  },
]
`;

exports[`Eurostreaming handle lost s1e1 1`] = `
[
  {
    "meta": {
      "countryCodes": [
        "it",
      ],
      "referer": "https://eurostreaming.luxe/stream/496-lost-streaming.html",
      "title": "Lost 1x1",
    },
    "url": "https://supervideo.cc/e/lgslt2lst4jv",
  },
  {
    "meta": {
      "countryCodes": [
        "it",
      ],
      "referer": "https://eurostreaming.luxe/stream/496-lost-streaming.html",
      "title": "Lost 1x1",
    },
    "url": "https://dropload.io/embed-vabynwo8glxz.html",
  },
]
`;

exports[`Eurostreaming last of us s1e1 1`] = `
[
  {
    "meta": {
      "countryCodes": [
        "it",
      ],
      "referer": "https://eurostreaming.luxe/stream/2605-the-last-of-us-streamingcommunity-streaming.html",
      "title": "The Last of Us 1x1",
    },
    "url": "https://supervideo.cc/e/ic1mmvrh5xv6",
  },
  {
    "meta": {
      "countryCodes": [
        "it",
      ],
      "referer": "https://eurostreaming.luxe/stream/2605-the-last-of-us-streamingcommunity-streaming.html",
      "title": "The Last of Us 1x1",
    },
    "url": "https://dropload.io/embed-uyzfrh62n31l.html",
  },
]
`;

exports[`Eurostreaming wednesday s1e1 1`] = `
[
  {
    "meta": {
      "countryCodes": [
        "it",
      ],
      "referer": "https://eurostreaming.luxe/stream/2529-mercoledi-wednesday-streaming.html",
      "title": "Mercoledì 1x1",
    },
    "url": "https://supervideo.cc/e/n6i7qyxpkw2e",
  },
  {
    "meta": {
      "countryCodes": [
        "it",
      ],
      "referer": "https://eurostreaming.luxe/stream/2529-mercoledi-wednesday-streaming.html",
      "title": "Mercoledì 1x1",
    },
    "url": "https://dropload.tv/e/fkbw1uszc0nh",
  },
]
`;
