// Jest Snapshot v1, https://jestjs.io/docs/snapshot-testing

exports[`FourKHDHub handle avengers: endgame 1`] = `
[
  {
    "meta": {
      "bytes": 67645734912,
      "countryCodes": [
        "en",
        "hi",
      ],
      "height": 2160,
      "title": "Avengers Endgame (2019) 2160p 4K UHD HDR10 BluRay REMUX x265 10bit HEVC [Org Hindi DDP 5.1  640Kbps + English DTS-HDMA TrueHD Atmos 7.1] ESubs  FGT",
    },
    "url": "https://hubcloud.foo/drive/iucvnehopzt48c1",
  },
  {
    "meta": {
      "bytes": 50036368998,
      "countryCodes": [
        "en",
        "hi",
      ],
      "height": 1080,
      "title": "Avengers Endgame (2019) 1080p BluRay REMUX x264 AVC [Org Hindi DDP 5.1 ~ 640Kbps + English DTS-HDMA TrueHD Atmos 7.1] ESubs ~ FGT",
    },
    "url": "https://hubcloud.foo/drive/ucp81jufn8pobei",
  },
  {
    "meta": {
      "bytes": 37795712204,
      "countryCodes": [
        "en",
        "hi",
      ],
      "height": 2160,
      "title": "Avengers.Endgame.2019.IMAX.2160p.DSNP.WEB-DL.HIN-ENG.x265.10bit.HDR.DTS-HD.MA.TrueHD.7.1.Atmos-SWTYBLZ",
    },
    "url": "https://hubcloud.foo/drive/visgvyc4vw40sb4",
  },
  {
    "meta": {
      "bytes": 26736171417,
      "countryCodes": [
        "en",
        "hi",
      ],
      "height": 1080,
      "title": "[144FPS].Avengers.Endgame.1080p.IMAX.DSNP.WEBRip.Dual.DDP5.1.Atmos.H.265.Homelander",
    },
    "url": "https://hubcloud.foo/drive/3rhv1h6n3hsrnod",
  },
  {
    "meta": {
      "bytes": 20615843020,
      "countryCodes": [
        "en",
        "hi",
      ],
      "height": 1080,
      "title": "Avengers Endgame (2019) 1080p BluRay x264 AVC [Org Hindi DDP 5.1 ~ 640Kbps + English DTS-HDMA 7.1] ESubs ~ FGT",
    },
    "url": "https://hubcloud.foo/drive/gara4j9b4uzgjtg",
  },
  {
    "meta": {
      "bytes": 17824114278,
      "countryCodes": [
        "en",
        "hi",
      ],
      "height": 1080,
      "title": "[60FPS].Avengers.Endgame.1080p.IMAX.DSNP.WEBRip.Dual.DDP5.1.Atmos.H.265.Homelander",
    },
    "url": "https://hubcloud.foo/drive/1qmsr8wkmr2m1qw",
  },
  {
    "meta": {
      "bytes": 15998753177,
      "countryCodes": [
        "en",
        "hi",
      ],
      "height": 2160,
      "title": "Avengers Endgame (2019) 2160p 4K UHD  HDR10 BluRay x265 10bit HEVC [Org Hindi DDP 5.1 ~ 640Kbps + English DTS-HDMA 7.1] ESubs ~ TERMiNAL",
    },
    "url": "https://hubcloud.foo/drive/xkrhsqktrrlqmrb",
  },
  {
    "meta": {
      "bytes": 9126805504,
      "countryCodes": [
        "en",
        "hi",
      ],
      "height": 2160,
      "title": "Avengers Endgame (2019) 2160p Bluray x265 HEVC 10bit [Org Hindi DDP 5.1 ~192Kbps + English AAC 7.1] ESub - Joy [UTR]",
    },
    "url": "https://hubcloud.foo/drive/1or45vfv5rvvfvi",
  },
  {
    "meta": {
      "bytes": 8321499136,
      "countryCodes": [
        "en",
        "hi",
      ],
      "height": 1080,
      "title": "Avengers Endgame (2019) 1080p [IMAX] 10bit DSNP WEB-DL x265 HEVC [Org Hindi DDP 5.1 ~ 640Kbps + English AAC 5.1] ESubs ~ Silence",
    },
    "url": "https://hubcloud.foo/drive/qlge1eobb64sy0p",
  },
  {
    "meta": {
      "bytes": 8010114007,
      "countryCodes": [
        "en",
        "hi",
      ],
      "height": 1080,
      "title": "Avengers Endgame (2019) 1080p BluRay x264 {Dual Audio} {Hindi DD 2.0-Eng BD 5.1} ESub By~Hammer~",
    },
    "url": "https://hubcloud.foo/drive/xr4xfnj1hef1dew",
  },
  {
    "meta": {
      "bytes": 7730941132,
      "countryCodes": [
        "en",
        "hi",
      ],
      "height": 1080,
      "title": "Avengers - Endgame (2019) 1080p [60FPS] 10bit BluRay x265 HEVC [Org HS Hindi DD+ 5.1Ch 192Kbps + English DD 5.1] ESubs ~MORNINGSTAR",
    },
    "url": "https://hubcloud.foo/drive/99nx1ygp6nzyivh",
  },
  {
    "meta": {
      "bytes": 7000796692,
      "countryCodes": [
        "en",
        "hi",
      ],
      "height": 1080,
      "title": "Avengers Endgame (2019) 1080p 10bit BluRay x265 HEVC [Org Hindi DDP 5.1 ~ 640Kbps + English AAC 7.1] ESubs ~ Tigole",
    },
    "url": "https://hubcloud.foo/drive/99nx1ygp6nzyivh",
  },
  {
    "meta": {
      "bytes": 4015794421,
      "countryCodes": [
        "en",
        "hi",
      ],
      "height": 1080,
      "title": "Avengers Endgame (2019) 1080p UHD HDR10 BluRay x265 10bit HEVC [Org Hindi DDP 5.1 - 640Kbps + English DD 5.1] ESubs - Pahe",
    },
    "url": "https://hubcloud.foo/drive/2whcw1ke1dkwwsk",
  },
]
`;

exports[`FourKHDHub handle crank 2006 1`] = `
[
  {
    "meta": {
      "bytes": 17255031111,
      "countryCodes": [
        "en",
        "hi",
      ],
      "height": 1080,
      "title": "Crank (2006) Director's Cut 1080p BluRay REMUX VC-1 [Hindi AMZN DDP 5.1 ~ 640kbps + English DTS-HD HRA 5.1] ESubs ~ (Arrow) FraMeSToR.mkv",
    },
    "url": "https://hubcloud.fyi/drive/lqa8qw881tasohi",
  },
  {
    "meta": {
      "bytes": 10479720202,
      "countryCodes": [
        "en",
        "hi",
      ],
      "height": 1080,
      "title": "Crank (2006) Director's Cut 1080p BluRay x264 [Hindi AMZN DDP 5.1 ~ 640kbps + English DTS] ESubs ~ (Arrow) CtrlHD.mkv",
    },
    "url": "https://hubcloud.fyi/drive/eijzmr9jiwy1r4z",
  },
  {
    "meta": {
      "bytes": 4176855695,
      "countryCodes": [
        "en",
        "hi",
      ],
      "height": 1080,
      "title": "Crank (2006) Director's Cut 1080p 10bit BluRay x265 HEVC [Hindi AMZN DDP 5.1 ~ 640Kbps + English DD 5.1] ESubs ~ (Arrow) Chivaman.mkv",
    },
    "url": "https://hubcloud.fyi/drive/sc0yyca6hq11y0r",
  },
]
`;

exports[`FourKHDHub handle crayon shin-chan 1993 1`] = `
[
  {
    "meta": {
      "bytes": 28550795100,
      "countryCodes": [
        "hi",
        "ja",
      ],
      "height": 1080,
      "title": "Crayon Shinchan Action Kamen vs Demon (1993) 1080p BluRay REMUX AVC [Hindi DD 2.0 + Japanese FLAC 2.0] (PitiPati-Ionicboy) (4kHDHub.com).mkv",
    },
    "url": "https://hubcloud.foo/drive/bffzqlpqfllfcld",
  },
  {
    "meta": {
      "bytes": 10383083438,
      "countryCodes": [
        "hi",
        "ja",
      ],
      "height": 1080,
      "title": "Crayon Shinchan Action Kamen vs Demon (1993) 1080p BluRay [Hindi DD 2.0 + Japanese DD 2.0] x264 (WiKi-Ionicboy) (4kHDHub.com).mkv",
    },
    "url": "https://hubcloud.foo/drive/zsn5msss5usmasw",
  },
  {
    "meta": {
      "bytes": 5776731013,
      "countryCodes": [
        "hi",
        "ja",
      ],
      "height": 1080,
      "title": "Crayon Shinchan Action Kamen vs Demon (1993) 1080p 10bit BluRay HEVC [Hindi DD 2.0 + Japanese DD 2.0] H.265 (WiKi-Ionicboy) (4kHDHub.com).mkv",
    },
    "url": "https://hubcloud.foo/drive/vlv5sssjtztvrsc",
  },
]
`;

exports[`FourKHDHub handle crayon shin-chan 1998 1`] = `[]`;

exports[`FourKHDHub handle dark 2017 s01e02 1`] = `
[
  {
    "meta": {
      "bytes": 2126008811,
      "countryCodes": [
        "de",
        "en",
      ],
      "height": 1080,
      "title": "Dark.S01E02.Lies.1080p.NF.WEB-DL.English.DDP5.1-German.DDP5.1.Atmos.H.264-4kHdHub.Com.mkv",
    },
    "url": "https://hubcloud.foo/drive/rq7tg4llqgks1tq",
  },
  {
    "meta": {
      "bytes": 4348654387,
      "countryCodes": [
        "de",
        "en",
      ],
      "height": 2160,
      "title": "Dark.S01E02.Lies.2160p.NF.WEB-DL.DUAL.DDP5.1.Atmos.H.265-4kHdHub.Com.mkv",
    },
    "url": "https://hubcloud.foo/drive/p1uulgcc4g4k9cq",
  },
]
`;

exports[`FourKHDHub handle dexter original sin 2024 s01e01 1`] = `
[
  {
    "meta": {
      "bytes": 5733781340,
      "countryCodes": [
        "en",
      ],
      "height": 2160,
      "title": "Dexter.Original.Sin.S01E01.2160p.SKST.WEB-DL.H.265.DDP5.1-Tyrell.mkv",
    },
    "url": "https://hubcloud.foo/drive/idt1evqfuviqiei",
  },
  {
    "meta": {
      "bytes": 5143223336,
      "countryCodes": [
        "en",
      ],
      "height": 2160,
      "title": "Dexter.Original.Sin.S01E01.2160p.PMTP.WEB-DL.DDP5.1.DV.H.265-Tyrell.mkv",
    },
    "url": "https://hubcloud.foo/drive/v6yd0pgnyteceev",
  },
  {
    "meta": {
      "bytes": 5046586572,
      "countryCodes": [
        "en",
      ],
      "height": 2160,
      "title": "Dexter.Original.Sin.S01E01.2160p.PMTP.WEB-DL.DDP5.1.HDR.H.265-Tyrell.mkv",
    },
    "url": "https://hubcloud.foo/drive/6f11sgo1qosl60k",
  },
  {
    "meta": {
      "bytes": 5057323991,
      "countryCodes": [
        "en",
      ],
      "height": 2160,
      "title": "Dexter.Original.Sin.S01E01.2160p.PMTP.WEB-DL.DDP5.1.DV.HDR.H.265-Tyrell.mkv",
    },
    "url": "https://hubcloud.foo/drive/ugrbggibuhb1ggd",
  },
]
`;

exports[`FourKHDHub handle dexter resurrection 2025 s01e01 1`] = `
[
  {
    "meta": {
      "bytes": 6012954214,
      "countryCodes": [
        "en",
      ],
      "height": 2160,
      "title": "Dexter.Resurrection.S01E01.A.Beating.Heart.2160p.AMZN.WEB-DL.English.DDP5.1.H.265-4kHdHub.Com.mkv",
    },
    "url": "https://hubcloud.foo/drive/sa0mjerabpraxas",
  },
  {
    "meta": {
      "bytes": 3285649981,
      "countryCodes": [
        "en",
      ],
      "height": 1080,
      "title": "Dexter.Resurrection.S01E01.A.Beating.Heart.1080p.AMZN.WEB-DL.English.DDP5.1.H.264-4kHdHub.Com.mkv",
    },
    "url": "https://hubcloud.foo/drive/xzdxd7iexxxxx2v",
  },
  {
    "meta": {
      "bytes": 935109591,
      "countryCodes": [
        "en",
      ],
      "height": 1080,
      "title": "Dexter.Resurrection.S01E01.A.Beating.Heart.1080p.AMZN.WEB-DL.English.DDP5.1.H.265-4kHdHub.Com.mkv",
    },
    "url": "https://hubcloud.foo/drive/2hs2gt33gcggocc",
  },
]
`;

exports[`FourKHDHub handle f1 1`] = `
[
  {
    "meta": {
      "bytes": 71296457113,
      "countryCodes": [
        "en",
        "hi",
        "ta",
        "te",
      ],
      "height": 2160,
      "title": "F1 - The Movie (2025) 2160p UHD BluRay REMUX DV HDR 10bit HEVC [Hindi-Tamil-Telugu DDP 5.1 + English TrueHD Atmos 7.1] x265 (CiNPEHiLES-LUMiX).mkv",
    },
    "url": "https://hubcloud.foo/drive/sbj15b8jgaxbnnq",
  },
  {
    "meta": {
      "bytes": 41414222151,
      "countryCodes": [
        "en",
        "hi",
        "ta",
        "te",
      ],
      "height": 2160,
      "title": "F1 - The Movie (2025) 2160p UHD BluRay DV HDR 10bit HEVC [Hindi-Tamil-Telugu DDP 5.1 + English TrueHD Atmos 7.1] x265 (WiKi-LUMiX).mkv",
    },
    "url": "https://hubcloud.foo/drive/0ii553mi0xjiixo",
  },
  {
    "meta": {
      "bytes": 30096983326,
      "countryCodes": [
        "en",
        "hi",
        "ta",
        "te",
      ],
      "height": 2160,
      "title": "F1 - The Movie (2025) 2160p iT WEB-DL 10bit HEVC [Hindi-Tamil-Telugu DDP 5.1 + English TrueHD Atmos 7.1] x265 (WADU-LUMiX).mkv",
    },
    "url": "https://hubcloud.foo/drive/vuaxnarwlevl0nw",
  },
  {
    "meta": {
      "bytes": 29785598197,
      "countryCodes": [
        "en",
        "hi",
        "ta",
        "te",
      ],
      "height": 1080,
      "title": "F1 - The Movie (2025) 1080p BluRay REMUX AVC [Hindi-Tamil-Telugu DDP 5.1 + English TrueHD Atmos 7.1] x264 (HDT-LUMiX).mkv",
    },
    "url": "https://hubcloud.foo/drive/ycoim8u1jihngjc",
  },
  {
    "meta": {
      "bytes": 21496311316,
      "countryCodes": [
        "en",
        "hi",
        "ta",
        "te",
      ],
      "height": 1080,
      "title": "F1 - The Movie (2025) 1080p UHD BluRay DV HDR 10bit HEVC [Hindi-Tamil-Telugu DDP 5.1 + English DDP 7.1] x265 (HiDt-LUMiX).mkv",
    },
    "url": "https://hubcloud.foo/drive/1eeyidcyrsiin17",
  },
  {
    "meta": {
      "bytes": 19520626360,
      "countryCodes": [
        "en",
        "hi",
        "ta",
        "te",
      ],
      "height": 1080,
      "title": "F1 - The Movie (2025) 1080p BluRay [Hindi-Tamil-Telugu DDP 5.1 + English DDP 7.1] x264 (SPHD-LUMiX).mkv",
    },
    "url": "https://hubcloud.foo/drive/az6ttan8ssdusn1",
  },
  {
    "meta": {
      "bytes": 11424613007,
      "countryCodes": [
        "en",
        "hi",
        "ta",
        "te",
      ],
      "height": 1080,
      "title": "F1 - The Movie (2025) 1080p BluRay 10bit HEVC [Hindi-Tamil-Telugu DDP 5.1 + English DDP 5.1] x265 (StOiC-LUMiX).mkv",
    },
    "url": "https://hubcloud.foo/drive/osj1xhy1lpsop5n",
  },
]
`;

exports[`FourKHDHub handle lovely runner 2024 s01e01 1`] = `
[
  {
    "meta": {
      "bytes": 3586297692,
      "countryCodes": [
        "hi",
        "ko",
      ],
      "height": 1080,
      "title": "Lovely.Runner.S01E01.1080p.AMZN.WEB-DL.Hindi.DDP2.0-Korean.DDP2.0.H.264-4kHdHub.Com.mkv",
    },
    "url": "https://hubcloud.foo/drive/8t7i1lrytgz56eo",
  },
  {
    "meta": {
      "bytes": 10340133765,
      "countryCodes": [
        "hi",
        "ko",
      ],
      "height": 1080,
      "title": "Lovely Runner S01E01 1080p WEB-DL [Hindi DDP 2.0 + Korean DDP 5.1] x264 (PandaMoon-LUMiX).mkv",
    },
    "url": "https://hubcloud.foo/drive/171fxx1xmbezm1r",
  },
]
`;

exports[`FourKHDHub handle non-existent devil's bath 2024 gracefully 1`] = `[]`;

exports[`FourKHDHub handle stranger things s05e08 1`] = `
[
  {
    "meta": {
      "bytes": 7215545057,
      "countryCodes": [
        "multi",
        "en",
        "hi",
        "ta",
        "te",
      ],
      "height": 1080,
      "title": "Stranger.Things.S05E08.Chapter.Eight.The.Rightside.Up.1080p.NF.WEB-DL.Multi.DDP5.1.H.264-4kHdHub.Com.mkv",
    },
    "url": "https://hubcloud.foo/drive/vxjyjvsqva1tfxs",
  },
  {
    "meta": {
      "bytes": 5508295557,
      "countryCodes": [
        "multi",
        "en",
        "hi",
        "ta",
        "te",
      ],
      "height": 1080,
      "title": "Stranger.Things.S05E08.Chapter.Eight.The.Rightside.Up.1080p.NF.WEB-DL.Multi.DDP5.1.H.265-4kHdHub.Com.mkv",
    },
    "url": "https://hubcloud.foo/drive/pcn0vz4wm1pzvrk",
  },
  {
    "meta": {
      "bytes": 6002216796,
      "countryCodes": [
        "multi",
        "en",
        "hi",
        "ta",
        "te",
      ],
      "height": 1080,
      "title": "Stranger.Things.S05E08.Chapter.Eight.The.Rightside.Up.1080p.NF.WEB-DL.Multi.DDP5.1.HDR-DV.H.265-4kHdHub.Com.mkv",
    },
    "url": "https://hubcloud.foo/drive/x1wwc1www1grtmg",
  },
  {
    "meta": {
      "bytes": 1513975971,
      "countryCodes": [
        "multi",
        "en",
        "hi",
        "ta",
        "te",
      ],
      "height": 1080,
      "title": "Stranger.Things.S05E08.Chapter.Eight.The.Rightside.Up.1080p.NF.WEB-DL.Multi.AAC5.1.AV1-4kHdHub.Com.mkv",
    },
    "url": "https://hubcloud.foo/drive/efsgttxesa22ale",
  },
  {
    "meta": {
      "bytes": 17544941404,
      "countryCodes": [
        "multi",
        "en",
        "hi",
        "ta",
        "te",
      ],
      "height": 2160,
      "title": "Stranger.Things.S05E08.Chapter.Eight.The.Rightside.Up.2160p.REPACK.NF.SDR.WEB-DL.Multi.DDP5.1.Atmos.H.265-4kHDHub.com.mkv",
    },
    "url": "https://hubcloud.foo/drive/vjt411st2kqtcpo",
  },
  {
    "meta": {
      "bytes": 20884278476,
      "countryCodes": [
        "multi",
        "en",
        "hi",
        "ta",
        "te",
      ],
      "height": 2160,
      "title": "Stranger.Things.S05E08.Chapter.Eight.The.Rightside.Up.2160p.REPACK.NF.WEB-DL.Multi.DDP5.1.Atmos.DV.HDR.H.265-4kHDHub.com.mkv",
    },
    "url": "https://hubcloud.foo/drive/kmu15o2v21pkk6c",
  },
]
`;

exports[`FourKHDHub handle superman 2025 1`] = `
[
  {
    "meta": {
      "bytes": 65326452572,
      "countryCodes": [
        "en",
        "hi",
        "ta",
        "te",
      ],
      "height": 2160,
      "title": "Superman (2025) 2160p UHD BluRay REMUX DoVi HDR HEVC [Hin-Tam-Tel DDP 5.1 + English TrueHD.Atmos 7.1] (CiNEPHiLES-Ionicboy).mkv",
    },
    "url": "https://hubcloud.foo/drive/pxpz19pzzzgi99y",
  },
  {
    "meta": {
      "bytes": 36335423324,
      "countryCodes": [
        "en",
        "hi",
        "ta",
        "te",
      ],
      "height": 2160,
      "title": "Superman (2025) 2160p 10bit BluRay DoVi HDR HEVC [Hin-Tam-Tel DDP 5.1 + English DDP.Atmos 7.1] x265 (WiKi-Ionicboy).mkv",
    },
    "url": "https://hubcloud.foo/drive/1y01oqhmc1qkhhn",
  },
  {
    "meta": {
      "bytes": 26940182364,
      "countryCodes": [
        "en",
        "hi",
        "ta",
        "te",
      ],
      "height": 1080,
      "title": "Superman (2025) 1080p BluRay REMUX AVC [Hin-Tam-Tel DDP 5.1 + English TrueHD.Atmos 7.1] (FraMeSToR-Ionicboy).mkv",
    },
    "url": "https://hubcloud.foo/drive/2nx1rzuzhtokphj",
  },
  {
    "meta": {
      "bytes": 26671746908,
      "countryCodes": [
        "en",
        "hi",
        "ta",
        "te",
      ],
      "height": 2160,
      "title": "Superman (2025) IMAX 2160p MA WEB-DL DV HDR10+ 10bit HEVC [Hindi-Tamil-Telugu DDP 5.1 + English DDP Atmos 5.1] x265 (126811-LUMiX).mkv",
    },
    "url": "https://hubcloud.foo/drive/vhcdcl3dyw0g00f",
  },
  {
    "meta": {
      "bytes": 26661009489,
      "countryCodes": [
        "en",
        "hi",
        "ta",
        "te",
      ],
      "height": 2160,
      "title": "Superman (2025) IMAX 2160p MA WEB-DL SDR 10bit HEVC [Hindi-Tamil-Telugu DDP 5.1 + English DDP Atmos 5.1] x265 (HONE-LUMiX).mkv",
    },
    "url": "https://hubcloud.foo/drive/rwit2wctpiuiw51",
  },
  {
    "meta": {
      "bytes": 23665269800,
      "countryCodes": [
        "en",
        "hi",
        "ta",
        "te",
      ],
      "height": 1080,
      "title": "Superman (2025) IMAX 1080p MA WEBRip [Hindi-Tamil-Telugu DDP 5.1 + English DDP Atmos 5.1] x264 (HiDt-LUMiX).mkv",
    },
    "url": "https://hubcloud.foo/drive/2i1vnx0nnxxsnnz",
  },
  {
    "meta": {
      "bytes": 21775484190,
      "countryCodes": [
        "en",
        "hi",
        "ta",
        "te",
      ],
      "height": 1080,
      "title": "Superman (2025) 1080p 10bit UHD BluRay DoVi HDR HEVC [Hin-Tam-Tel DDP 5.1 + English DDP 7.1] H.265 (ATELiER-Ionicboy).mkv",
    },
    "url": "https://hubcloud.foo/drive/oi7nukpci9igocg",
  },
  {
    "meta": {
      "bytes": 20862803640,
      "countryCodes": [
        "en",
        "hi",
        "ta",
        "te",
      ],
      "height": 2160,
      "title": "Superman (2025) 2160p 10bit UHD BluRay DoVi HDR HEVC [Hin-Tam-Tel DDP 5.1 + English DDP.Atmos 7.1] x265 (hallowed-Ionicboy).mkv",
    },
    "url": "https://hubcloud.foo/drive/eppptve2eu0xdpd",
  },
  {
    "meta": {
      "bytes": 16943645982,
      "countryCodes": [
        "en",
        "hi",
        "ta",
        "te",
      ],
      "height": 1080,
      "title": "Superman (2025) 1080p BluRay [Hin-Tam-Tel DDP 5.1 + English DDP.Atmos 7.1] x264 (WiKi-Ionicboy).mkv",
    },
    "url": "https://hubcloud.foo/drive/yfjl0sjfhfm0ofy",
  },
  {
    "meta": {
      "bytes": 10307921510,
      "countryCodes": [
        "en",
        "hi",
        "ta",
        "te",
      ],
      "height": 1080,
      "title": "Superman (2025) IMAX 1080p MA WEB-DL [Hindi-Tamil-Telugu DDP 5.1 + English DDP Atmos 5.1] x264 (BYNDR-LUMiX).mkv",
    },
    "url": "https://hubcloud.foo/drive/ntjnpq5qa5tqtna",
  },
  {
    "meta": {
      "bytes": 9384503541,
      "countryCodes": [
        "en",
        "hi",
        "ta",
        "te",
      ],
      "height": 1080,
      "title": "Superman (2025) 1080p 10bit BluRay HEVC [Hin-Tam-Tel DDP 5.1 + English DDP.Atmos 7.1] x265 (HONE-Ionicboy).mkv",
    },
    "url": "https://hubcloud.foo/drive/2mmwjhek93ksz1j",
  },
  {
    "meta": {
      "bytes": 7451768258,
      "countryCodes": [
        "en",
        "hi",
        "ta",
        "te",
      ],
      "height": 1080,
      "title": "Superman (2025) IMAX 1080p DS4K MA WEBRip 10bit HEVC [Hindi-Tamil-Telugu DDP 5.1 + English DDP Atmos 5.1] x265 (StOiC-LUMiX).mkv",
    },
    "url": "https://hubcloud.foo/drive/f8a1y8218xq1xl1",
  },
]
`;

exports[`FourKHDHub handle the tank 1`] = `
[
  {
    "meta": {
      "bytes": 14688788152,
      "countryCodes": [
        "multi",
        "de",
        "en",
        "hi",
      ],
      "height": 2160,
      "title": "The.Tank.2025.2160p.AMZN.WEB-DL.Multi.DDP5.1.HDR.H.265-4kHdHub.Com.mkv",
    },
    "url": "https://hubcloud.foo/drive/5ocppg18qpun5nb",
  },
  {
    "meta": {
      "bytes": 14667313315,
      "countryCodes": [
        "multi",
        "de",
        "en",
        "hi",
      ],
      "height": 2160,
      "title": "The.Tank.2025.2160p.AMZN.WEB-DL.Multi.DDP5.1.H.265-4kHdHub.Com.mkv",
    },
    "url": "https://hubcloud.foo/drive/qzs8ys88skusyst",
  },
  {
    "meta": {
      "bytes": 9953586708,
      "countryCodes": [
        "multi",
        "de",
        "en",
        "hi",
      ],
      "height": 1080,
      "title": "The.Tank.2025.1080p.AMZN.WEB-DL.Multi.DDP5.1.H.264-4kHdHub.Com.mkv",
    },
    "url": "https://hubcloud.foo/drive/7bm6zx26sf1ofis",
  },
  {
    "meta": {
      "bytes": 4456028569,
      "countryCodes": [
        "multi",
        "de",
        "en",
        "hi",
      ],
      "height": 1080,
      "title": "The.Tank.2025.1080p.AMZN.WEB-DL.Multi.DDP5.1.H.265-4kHdHub.Com.mkv",
    },
    "url": "https://hubcloud.foo/drive/fmhbhwnhdwwxddw",
  },
]
`;
