// Jest Snapshot v1, https://jestjs.io/docs/snapshot-testing

exports[`Frembed handle battle royal 1`] = `
[
  {
    "meta": {
      "countryCodes": [
        "fr",
      ],
      "referer": "https://frembed.my",
      "title": "Battle Royale",
    },
    "url": "https://dsvplay.com/e/gtenfs0rffzq",
  },
  {
    "meta": {
      "countryCodes": [
        "fr",
      ],
      "referer": "https://frembed.my",
      "title": "Battle Royale",
    },
    "url": "https://netu.fremtv.lol/e/p0QUHavRbQD0",
  },
  {
    "meta": {
      "countryCodes": [
        "fr",
      ],
      "referer": "https://frembed.my",
      "title": "Battle Royale",
    },
    "url": "https://christopheruntilpoint.com/e/lbeqm6ofmauq",
  },
  {
    "meta": {
      "countryCodes": [
        "fr",
      ],
      "referer": "https://frembed.my",
      "title": "Battle Royale",
    },
    "url": "https://video.streamtales.cc/player/frvod.php?url=https://streamtales.cc:8443/videos/3176.mp4",
  },
  {
    "meta": {
      "countryCodes": [
        "fr",
      ],
      "referer": "https://frembed.my",
      "title": "Battle Royale",
    },
    "url": "https://uqload.cx/embed-pnxmokgrigu9.html",
  },
]
`;

exports[`Frembed handle imdb black mirror s4e2 1`] = `
[
  {
    "meta": {
      "countryCodes": [
        "fr",
      ],
      "referer": "https://frembed.my",
      "title": "Black Mirror 4x2",
    },
    "url": "https://dsvplay.com/e/dfx8me4un4ul",
  },
  {
    "meta": {
      "countryCodes": [
        "fr",
      ],
      "referer": "https://frembed.my",
      "title": "Black Mirror 4x2",
    },
    "url": "https://netu.fremtv.lol/e/0DFgfkcXOsDP",
  },
  {
    "meta": {
      "countryCodes": [
        "fr",
      ],
      "referer": "https://frembed.my",
      "title": "Black Mirror 4x2",
    },
    "url": "https://christopheruntilpoint.com/e/cqy9oue7sv0g",
  },
  {
    "meta": {
      "countryCodes": [
        "fr",
      ],
      "referer": "https://frembed.my",
      "title": "Black Mirror 4x2",
    },
    "url": "https://ds2play.com/e/fzfvfq3ngig0",
  },
]
`;

exports[`Frembed handle tmdb black mirror s4e2 1`] = `
[
  {
    "meta": {
      "countryCodes": [
        "fr",
      ],
      "referer": "https://frembed.my",
      "title": "Black Mirror 4x2",
    },
    "url": "https://dsvplay.com/e/dfx8me4un4ul",
  },
  {
    "meta": {
      "countryCodes": [
        "fr",
      ],
      "referer": "https://frembed.my",
      "title": "Black Mirror 4x2",
    },
    "url": "https://netu.fremtv.lol/e/0DFgfkcXOsDP",
  },
  {
    "meta": {
      "countryCodes": [
        "fr",
      ],
      "referer": "https://frembed.my",
      "title": "Black Mirror 4x2",
    },
    "url": "https://christopheruntilpoint.com/e/cqy9oue7sv0g",
  },
  {
    "meta": {
      "countryCodes": [
        "fr",
      ],
      "referer": "https://frembed.my",
      "title": "Black Mirror 4x2",
    },
    "url": "https://ds2play.com/e/fzfvfq3ngig0",
  },
]
`;
