// Jest Snapshot v1, https://jestjs.io/docs/snapshot-testing

exports[`FrenchCloud handle imdb the devil's bath 1`] = `
[
  {
    "countryCode": "fr",
    "referer": "https://frenchcloud.cam/movie/tt29141112",
    "url": "https://supervideo.cc/e/ttnqt211ebtg",
  },
  {
    "countryCode": "fr",
    "referer": "https://frenchcloud.cam/movie/tt29141112",
    "url": "https://dropload.io/embed-w4yit5wiia9y.html",
  },
  {
    "countryCode": "fr",
    "referer": "https://frenchcloud.cam/movie/tt29141112",
    "url": "https://mixdrop.ag/e/l7v73zqrfdj19z",
  },
  {
    "countryCode": "fr",
    "referer": "https://frenchcloud.cam/movie/tt29141112",
    "url": "https://streamtape.com/e/gjA1OQ4klyHxgJ",
  },
  {
    "countryCode": "fr",
    "referer": "https://frenchcloud.cam/movie/tt29141112",
    "url": "https://dood.to/e/osbcylatzy6m",
  },
]
`;
