// Jest Snapshot v1, https://jestjs.io/docs/snapshot-testing

exports[`FrenchCloud handle imdb the devil's bath 1`] = `
[
  {
    "meta": {
      "countryCodes": [
        "fr",
      ],
      "referer": "https://frenchcloud.cam",
    },
    "url": "https://supervideo.cc/e/ttnqt211ebtg",
  },
  {
    "meta": {
      "countryCodes": [
        "fr",
      ],
      "referer": "https://frenchcloud.cam",
    },
    "url": "https://dropload.io/embed-w4yit5wiia9y.html",
  },
  {
    "meta": {
      "countryCodes": [
        "fr",
      ],
      "referer": "https://frenchcloud.cam",
    },
    "url": "https://mixdrop.ag/e/8l3634dmt68rnp",
  },
  {
    "meta": {
      "countryCodes": [
        "fr",
      ],
      "referer": "https://frenchcloud.cam",
    },
    "url": "https://streamtape.com/e/gjA1OQ4klyHxgJ",
  },
  {
    "meta": {
      "countryCodes": [
        "fr",
      ],
      "referer": "https://frenchcloud.cam",
    },
    "url": "https://dood.to/e/osbcylatzy6m",
  },
]
`;
