// Jest Snapshot v1, https://jestjs.io/docs/snapshot-testing

exports[`MegaKino handle imdb baymax 1`] = `
[
  {
    "meta": {
      "countryCodes": [
        "de",
      ],
      "title": "Baymax - Riesiges Robowabohu",
    },
    "url": "https://voe.sx/e/8doq7gwiwtig",
  },
  {
    "meta": {
      "countryCodes": [
        "de",
      ],
      "title": "Baymax - Riesiges Robowabohu",
    },
    "url": "https://watch.gxplayer.xyz/watch?v=MEKI92PU",
  },
]
`;
