// Jest Snapshot v1, https://jestjs.io/docs/snapshot-testing

exports[`MeineCloud handle imdb the devil's bath 1`] = `
[
  {
    "meta": {
      "countryCodes": [
        "de",
      ],
      "referer": "https://meinecloud.click",
    },
    "url": "https://supervideo.cc/e/q7i0sw1oytw3",
  },
  {
    "meta": {
      "countryCodes": [
        "de",
      ],
      "referer": "https://meinecloud.click",
    },
    "url": "https://dropload.io/embed-lyo2h1snpe5c.html",
  },
  {
    "meta": {
      "countryCodes": [
        "de",
      ],
      "referer": "https://meinecloud.click",
    },
    "url": "https://mixdrop.ag/e/3nzwveprim63or6",
  },
  {
    "meta": {
      "countryCodes": [
        "de",
      ],
      "referer": "https://meinecloud.click",
    },
    "url": "https://dood.to/e/sk1m9eumzyjj",
  },
]
`;
