// Jest Snapshot v1, https://jestjs.io/docs/snapshot-testing

exports[`MostraGuarda handle imdb the devil's bath 1`] = `
[
  {
    "meta": {
      "countryCodes": [
        "it",
      ],
    },
    "url": "https://supervideo.cc/e/6vri8jyhla3n",
  },
  {
    "meta": {
      "countryCodes": [
        "it",
      ],
    },
    "url": "https://dropload.io/embed-xsr90y2ltdyx.html",
  },
  {
    "meta": {
      "countryCodes": [
        "it",
      ],
    },
    "url": "https://mixdrop.ag/e/vk196d6xfzwwo1",
  },
  {
    "meta": {
      "countryCodes": [
        "it",
      ],
    },
    "url": "https://dood.to/e/37o04m33q3g5",
  },
]
`;
