// Jest Snapshot v1, https://jestjs.io/docs/snapshot-testing

exports[`PrimeWire handle el camino 1`] = `
[
  {
    "meta": {
      "bytes": 1288490188,
      "countryCodes": [
        "en",
      ],
      "referer": "https://www.primewire.tf",
      "title": "El.Camino.A.Breaking.Bad.Movie.2019.1080p.WEBRip.x264 YTS.LT.mp4",
    },
    "url": "https://streamtape.com/v/qMVMPa49M1hz8BR/El.Camino.A.Breaking.Bad.Movie.2019.1080p.WEBRip.x264_YTS.LT.mp4",
  },
  {
    "meta": {
      "bytes": 1288490188,
      "countryCodes": [
        "en",
      ],
      "referer": "https://www.primewire.tf",
      "title": "El.Camino.A.Breaking.Bad.Movie.2019.1080p.WEBRip.x264 YTS.LT.mp4",
    },
    "url": "https://streamtape.com/v/6QLoLq0O8DtObX",
  },
  {
    "meta": {
      "countryCodes": [
        "en",
      ],
      "referer": "https://www.primewire.tf",
    },
    "url": "https://filelions.to/f/bv4b7tl9u1ij",
  },
  {
    "meta": {
      "countryCodes": [
        "en",
      ],
      "referer": "https://www.primewire.tf",
    },
    "url": "https://filelions.to/f/wayeo7l1cw7d",
  },
  {
    "meta": {
      "bytes": 1181116006,
      "countryCodes": [
        "en",
      ],
      "referer": "https://www.primewire.tf",
      "title": "El.Camino.A.Breaking.Bad.Movie.2019.720p.BluRay.x264.AAC-[YTS.MX].mp4",
    },
    "url": "https://voe.sx/paqi7qqku3zi",
  },
  {
    "meta": {
      "bytes": 1181116006,
      "countryCodes": [
        "en",
      ],
      "referer": "https://www.primewire.tf",
      "title": "El Camino A Breaking Bad Movie 2019 720p BluRay x264 AAC-YTS MX.mp4",
    },
    "url": "https://voe.sx/ysimllytd3zo",
  },
  {
    "meta": {
      "bytes": 1181116006,
      "countryCodes": [
        "en",
      ],
      "referer": "https://www.primewire.tf",
      "title": "El Camino A Breaking Bad Movie 2019 720p BluRay x264 AAC-YTS MX.mp4",
    },
    "url": "https://voe.sx/xwhvakkexuob",
  },
  {
    "meta": {
      "bytes": 2147483648,
      "countryCodes": [
        "en",
      ],
      "referer": "https://www.primewire.tf",
      "title": "El.Camino.A.Breaking.Bad.Movie.2019.720p.BluRay.x264.AAC-[YTS.MX].mp4",
    },
    "url": "https://mixdrop.ag/f/ql0qrxnjb89nx8",
  },
  {
    "meta": {
      "bytes": 2147483648,
      "countryCodes": [
        "en",
      ],
      "referer": "https://www.primewire.tf",
      "title": "El Camino A Breaking Bad Movie 2019 HDRip AC3-EVO.mp4",
    },
    "url": "https://mixdrop.ag/f/2bnmi",
  },
  {
    "meta": {
      "bytes": 2147483648,
      "countryCodes": [
        "en",
      ],
      "referer": "https://www.primewire.tf",
      "title": "El Camino A Breaking Bad Movie 2019 720p BluRay x264 AAC-YTS MX.mp4",
    },
    "url": "https://mixdrop.ag/f/4njk6691b1k60d",
  },
  {
    "meta": {
      "bytes": 1288490188,
      "countryCodes": [
        "en",
      ],
      "referer": "https://www.primewire.tf",
      "title": "El Camino A Breaking Bad Movie 2019 1080p WEBRip YTS LT",
    },
    "url": "https://dood.watch/d/05fm25orfeux",
  },
  {
    "meta": {
      "bytes": 1181116006,
      "countryCodes": [
        "en",
      ],
      "referer": "https://www.primewire.tf",
      "title": "El Camino A Breaking Bad Movie 2019 720p BluRay AAC-YTS MX",
    },
    "url": "https://dood.watch/d/j2pa25q11pdu",
  },
  {
    "meta": {
      "bytes": 1181116006,
      "countryCodes": [
        "en",
      ],
      "referer": "https://www.primewire.tf",
      "title": "El Camino A Breaking Bad Movie 2019 720p BluRay AAC-[YTS MX]",
    },
    "url": "https://dood.watch/d/9lw62yyosxc0",
  },
  {
    "meta": {
      "countryCodes": [
        "en",
      ],
      "referer": "https://www.primewire.tf",
    },
    "url": "https://streamwish.to/09q73jf6t6jw",
  },
]
`;

exports[`PrimeWire handle el camino 2`] = `
[
  {
    "meta": {
      "bytes": 1288490188,
      "countryCodes": [
        "en",
      ],
      "referer": "https://www.primewire.tf",
      "title": "El.Camino.A.Breaking.Bad.Movie.2019.1080p.WEBRip.x264 YTS.LT.mp4",
    },
    "url": "https://streamtape.com/v/qMVMPa49M1hz8BR/El.Camino.A.Breaking.Bad.Movie.2019.1080p.WEBRip.x264_YTS.LT.mp4",
  },
  {
    "meta": {
      "bytes": 1288490188,
      "countryCodes": [
        "en",
      ],
      "referer": "https://www.primewire.tf",
      "title": "El.Camino.A.Breaking.Bad.Movie.2019.1080p.WEBRip.x264 YTS.LT.mp4",
    },
    "url": "https://streamtape.com/v/6QLoLq0O8DtObX",
  },
  {
    "meta": {
      "countryCodes": [
        "en",
      ],
      "referer": "https://www.primewire.tf",
    },
    "url": "https://filelions.to/f/bv4b7tl9u1ij",
  },
  {
    "meta": {
      "countryCodes": [
        "en",
      ],
      "referer": "https://www.primewire.tf",
    },
    "url": "https://filelions.to/f/wayeo7l1cw7d",
  },
  {
    "meta": {
      "bytes": 1181116006,
      "countryCodes": [
        "en",
      ],
      "referer": "https://www.primewire.tf",
      "title": "El.Camino.A.Breaking.Bad.Movie.2019.720p.BluRay.x264.AAC-[YTS.MX].mp4",
    },
    "url": "https://voe.sx/paqi7qqku3zi",
  },
  {
    "meta": {
      "bytes": 1181116006,
      "countryCodes": [
        "en",
      ],
      "referer": "https://www.primewire.tf",
      "title": "El Camino A Breaking Bad Movie 2019 720p BluRay x264 AAC-YTS MX.mp4",
    },
    "url": "https://voe.sx/ysimllytd3zo",
  },
  {
    "meta": {
      "bytes": 1181116006,
      "countryCodes": [
        "en",
      ],
      "referer": "https://www.primewire.tf",
      "title": "El Camino A Breaking Bad Movie 2019 720p BluRay x264 AAC-YTS MX.mp4",
    },
    "url": "https://voe.sx/xwhvakkexuob",
  },
  {
    "meta": {
      "bytes": 2147483648,
      "countryCodes": [
        "en",
      ],
      "referer": "https://www.primewire.tf",
      "title": "El.Camino.A.Breaking.Bad.Movie.2019.720p.BluRay.x264.AAC-[YTS.MX].mp4",
    },
    "url": "https://mixdrop.ag/f/ql0qrxnjb89nx8",
  },
  {
    "meta": {
      "bytes": 2147483648,
      "countryCodes": [
        "en",
      ],
      "referer": "https://www.primewire.tf",
      "title": "El Camino A Breaking Bad Movie 2019 HDRip AC3-EVO.mp4",
    },
    "url": "https://mixdrop.ag/f/2bnmi",
  },
  {
    "meta": {
      "bytes": 2147483648,
      "countryCodes": [
        "en",
      ],
      "referer": "https://www.primewire.tf",
      "title": "El Camino A Breaking Bad Movie 2019 720p BluRay x264 AAC-YTS MX.mp4",
    },
    "url": "https://mixdrop.ag/f/4njk6691b1k60d",
  },
  {
    "meta": {
      "bytes": 1288490188,
      "countryCodes": [
        "en",
      ],
      "referer": "https://www.primewire.tf",
      "title": "El Camino A Breaking Bad Movie 2019 1080p WEBRip YTS LT",
    },
    "url": "https://dood.watch/d/05fm25orfeux",
  },
  {
    "meta": {
      "bytes": 1181116006,
      "countryCodes": [
        "en",
      ],
      "referer": "https://www.primewire.tf",
      "title": "El Camino A Breaking Bad Movie 2019 720p BluRay AAC-YTS MX",
    },
    "url": "https://dood.watch/d/j2pa25q11pdu",
  },
  {
    "meta": {
      "bytes": 1181116006,
      "countryCodes": [
        "en",
      ],
      "referer": "https://www.primewire.tf",
      "title": "El Camino A Breaking Bad Movie 2019 720p BluRay AAC-[YTS MX]",
    },
    "url": "https://dood.watch/d/9lw62yyosxc0",
  },
  {
    "meta": {
      "countryCodes": [
        "en",
      ],
      "referer": "https://www.primewire.tf",
    },
    "url": "https://streamwish.to/09q73jf6t6jw",
  },
]
`;

exports[`PrimeWire handle imdb dead city s2e5 1`] = `
[
  {
    "meta": {
      "countryCodes": [
        "en",
      ],
      "referer": "https://www.primewire.tf",
    },
    "url": "https://bigwarp.cc/4tb37obzt6re",
  },
  {
    "meta": {
      "countryCodes": [
        "en",
      ],
      "referer": "https://www.primewire.tf",
    },
    "url": "https://bigwarp.cc/u66q6mybilfa",
  },
  {
    "meta": {
      "countryCodes": [
        "en",
      ],
      "referer": "https://www.primewire.tf",
    },
    "url": "https://bigwarp.cc/aazhpuex9ppj",
  },
  {
    "meta": {
      "countryCodes": [
        "en",
      ],
      "referer": "https://www.primewire.tf",
    },
    "url": "https://orca.streamcasthub.store/?a=4f560fbe52#rc6mf",
  },
  {
    "meta": {
      "countryCodes": [
        "en",
      ],
      "referer": "https://www.primewire.tf",
    },
    "url": "https://filelions.to/f/odssr9dyjx5n",
  },
  {
    "meta": {
      "countryCodes": [
        "en",
      ],
      "referer": "https://www.primewire.tf",
    },
    "url": "https://filelions.to/f/eqmzrkv5kf5s",
  },
  {
    "meta": {
      "countryCodes": [
        "en",
      ],
      "referer": "https://www.primewire.tf",
    },
    "url": "https://filelions.to/f/fpru8wthtsf4",
  },
  {
    "meta": {
      "countryCodes": [
        "en",
      ],
      "referer": "https://www.primewire.tf",
    },
    "url": "https://filelions.to/f/0i0j0qz5o478",
  },
  {
    "meta": {
      "bytes": 426351001,
      "countryCodes": [
        "en",
      ],
      "referer": "https://www.primewire.tf",
      "title": "The.Walking.Dead.Dead.City.S02E05.The.Bird.Always.Knows.720p.AMZN.WEB-DL.DDP5.1.H.264-NTb.mkv",
    },
    "url": "https://voe.sx/te40pmzra8du",
  },
  {
    "meta": {
      "bytes": 426351001,
      "countryCodes": [
        "en",
      ],
      "referer": "https://www.primewire.tf",
      "title": "The.Walking.Dead.Dead.City.S02E05.The.Bird.Always.Knows.720p.AMZN.WEB-DL.DDP5.1.H.264-NTb.mkv",
    },
    "url": "https://voe.sx/y8lrmf2t7jhp",
  },
  {
    "meta": {
      "bytes": 445015654,
      "countryCodes": [
        "en",
      ],
      "referer": "https://www.primewire.tf",
      "title": "The.Walking.Dead.Dead.City.S02E05.The.Bird.Always.Knows.720p.AMZN.WEB-DL.DDP5.1.H.264-NTb.mp4",
    },
    "url": "https://voe.sx/grsvpdbxvw3e",
  },
  {
    "meta": {
      "bytes": 2147483648,
      "countryCodes": [
        "en",
      ],
      "referer": "https://www.primewire.tf",
      "title": "The.Walking.Dead.Dead.City.S02E05.The.Bird.Always.Knows.720p.AMZN.WEB-DL.DDP5.1.H.264-NTb.mp4",
    },
    "url": "https://mixdrop.ag/f/q1pz4k94uxxkgvo",
  },
  {
    "meta": {
      "bytes": 2147483648,
      "countryCodes": [
        "en",
      ],
      "referer": "https://www.primewire.tf",
      "title": "The.Walking.Dead.Dead.City.S02E05.The.Bird.Always.Knows.720p.AMZN.WEB-DL.DDP5.1.H.264-NTb.mp4",
    },
    "url": "https://mixdrop.ag/f/nlpj3q3ran17rv",
  },
  {
    "meta": {
      "bytes": 2147483648,
      "countryCodes": [
        "en",
      ],
      "referer": "https://www.primewire.tf",
      "title": "The.Walking.Dead.Dead.City.S02E05.The.Bird.Always.Knows.720p.AMZN.WEB-DL.DDP5.1.H.264-NTb.mkv.mp4",
    },
    "url": "https://mixdrop.ag/f/9wvz9gp3b3q1llk",
  },
  {
    "meta": {
      "countryCodes": [
        "en",
      ],
      "referer": "https://www.primewire.tf",
    },
    "url": "https://dood.watch/d/sn87i3ru7plx",
  },
  {
    "meta": {
      "countryCodes": [
        "en",
      ],
      "referer": "https://www.primewire.tf",
    },
    "url": "https://dood.watch/d/1qfuy5yiq4r6",
  },
  {
    "meta": {
      "countryCodes": [
        "en",
      ],
      "referer": "https://www.primewire.tf",
    },
    "url": "https://dood.watch/d/8odyvc9bre16",
  },
  {
    "meta": {
      "countryCodes": [
        "en",
      ],
      "referer": "https://www.primewire.tf",
    },
    "url": "https://dood.watch/d/reslxv9siz41",
  },
  {
    "meta": {
      "countryCodes": [
        "en",
      ],
      "referer": "https://www.primewire.tf",
    },
    "url": "https://streamwish.to/h9p9qqgpq2lw",
  },
  {
    "meta": {
      "countryCodes": [
        "en",
      ],
      "referer": "https://www.primewire.tf",
    },
    "url": "https://streamwish.to/s986lkdy8mb5",
  },
  {
    "meta": {
      "countryCodes": [
        "en",
      ],
      "referer": "https://www.primewire.tf",
    },
    "url": "https://streamwish.to/jult1lcvqjlt",
  },
  {
    "meta": {
      "countryCodes": [
        "en",
      ],
      "referer": "https://www.primewire.tf",
      "title": "The Walking Dead Dead City S02E05 The Bird Always Knows 720p AMZN WEB-DL DDP5 1 H 264-NTb mkv",
    },
    "url": "https://savefiles.com/i0bj9gazequy",
  },
  {
    "meta": {
      "countryCodes": [
        "en",
      ],
      "referer": "https://www.primewire.tf",
      "title": "The Walking Dead Dead City S02E05 The Bird Always Knows 720p AMZN WEB-DL DDP5 1 H 264-NTb mkv",
    },
    "url": "https://filemoon.sx/d/8wllnog0cyl7",
  },
  {
    "meta": {
      "countryCodes": [
        "en",
      ],
      "referer": "https://www.primewire.tf",
      "title": "The Walking Dead Dead City S02E05 The Bird Always Knows 720p AMZN WEB-DL DDP5 1 H 264-NTb",
    },
    "url": "https://filemoon.sx/d/ftowmfa7f0ge/The.Walking.Dead.Dead.City.S02E05.The.Bird.Always.Knows.720p.AMZN.WEB-DL.DDP5.1.H.264-NTb.mkv",
  },
  {
    "meta": {
      "countryCodes": [
        "en",
      ],
      "referer": "https://www.primewire.tf",
    },
    "url": "http://vidmoly.me/w/46bi0sec0966",
  },
  {
    "meta": {
      "countryCodes": [
        "en",
      ],
      "referer": "https://www.primewire.tf",
    },
    "url": "http://vidmoly.me/w/okcwblnaqw3t",
  },
  {
    "meta": {
      "countryCodes": [
        "en",
      ],
      "referer": "https://www.primewire.tf",
      "title": "The Walking Dead Dead City S02E05 The Bird Always Knows 720p AMZN WEB-DL DDP5 1 H 264-NTb",
    },
    "url": "https://luluvdoo.com/d/au00sj11vqku",
  },
  {
    "meta": {
      "countryCodes": [
        "en",
      ],
      "referer": "https://www.primewire.tf",
    },
    "url": "https://filegram.to/6q8gctbf79gc",
  },
  {
    "meta": {
      "countryCodes": [
        "en",
      ],
      "referer": "https://www.primewire.tf",
    },
    "url": "https://filegram.to/6yuyz0dgqu05",
  },
  {
    "meta": {
      "countryCodes": [
        "en",
      ],
      "referer": "https://www.primewire.tf",
    },
    "url": "https://filegram.to/erapbfgcdguq",
  },
]
`;
