// Jest Snapshot v1, https://jestjs.io/docs/snapshot-testing

exports[`VerHdLink handle titanic 1`] = `
[
  {
    "meta": {
      "countryCodes": [
        "mx",
      ],
    },
    "url": "https://supervideo.cc/e/g6okbr0kd790",
  },
  {
    "meta": {
      "countryCodes": [
        "mx",
      ],
    },
    "url": "https://dropload.io/embed-jjjx9j5joiz8.html",
  },
  {
    "meta": {
      "countryCodes": [
        "mx",
      ],
    },
    "url": "https://mixdrop.ag/e/vn0wx308fq984q",
  },
  {
    "meta": {
      "countryCodes": [
        "mx",
      ],
    },
    "url": "https://streamtape.com/e/Bjp2vjrdBxsK82",
  },
  {
    "meta": {
      "countryCodes": [
        "mx",
      ],
    },
    "url": "https://dood.to/e/rw7rxdfrbg09",
  },
  {
    "meta": {
      "countryCodes": [
        "es",
      ],
    },
    "url": "https://supervideo.cc/e/qe1fviow8uwy",
  },
  {
    "meta": {
      "countryCodes": [
        "es",
      ],
    },
    "url": "https://dropload.io/embed-ick4ti66vt6s.html",
  },
  {
    "meta": {
      "countryCodes": [
        "es",
      ],
    },
    "url": "https://mixdrop.ag/e/xokzmv61hrwe8o",
  },
  {
    "meta": {
      "countryCodes": [
        "es",
      ],
    },
    "url": "https://dood.to/e/gy8l8mb2i311",
  },
]
`;
