// Jest Snapshot v1, https://jestjs.io/docs/snapshot-testing

exports[`VerHdLink handle titanic 1`] = `
[
  {
    "countryCode": "mx",
    "referer": "https://verhdlink.cam/movie/tt0120338",
    "url": "https://supervideo.cc/e/g6okbr0kd790",
  },
  {
    "countryCode": "mx",
    "referer": "https://verhdlink.cam/movie/tt0120338",
    "url": "https://dropload.io/embed-jjjx9j5joiz8.html",
  },
  {
    "countryCode": "mx",
    "referer": "https://verhdlink.cam/movie/tt0120338",
    "url": "https://mixdrop.ag/e/vn0wx308fq984q",
  },
  {
    "countryCode": "mx",
    "referer": "https://verhdlink.cam/movie/tt0120338",
    "url": "https://streamtape.com/e/Bjp2vjrdBxsK82",
  },
  {
    "countryCode": "mx",
    "referer": "https://verhdlink.cam/movie/tt0120338",
    "url": "https://dood.to/e/rw7rxdfrbg09",
  },
  {
    "countryCode": "es",
    "referer": "https://verhdlink.cam/movie/tt0120338",
    "url": "https://supervideo.cc/e/qe1fviow8uwy",
  },
  {
    "countryCode": "es",
    "referer": "https://verhdlink.cam/movie/tt0120338",
    "url": "https://dropload.io/embed-ick4ti66vt6s.html",
  },
  {
    "countryCode": "es",
    "referer": "https://verhdlink.cam/movie/tt0120338",
    "url": "https://mixdrop.ag/e/xokzmv61hrwe8o",
  },
  {
    "countryCode": "es",
    "referer": "https://verhdlink.cam/movie/tt0120338",
    "url": "https://dood.to/e/gy8l8mb2i311",
  },
]
`;
