// Jest Snapshot v1, https://jestjs.io/docs/snapshot-testing

exports[`Fsst Wake up Dead Man 1`] = `
[
  {
    "format": "mp4",
    "label": "Fsst",
    "meta": {
      "countryCodes": [],
      "extractorId": "fsst",
      "height": 360,
      "title": "Wake.Up.Dead.Man.A.Knives.Out.Mystery.2025.mkv",
    },
    "sourceId": "fsst_",
    "url": "https://a41.filevideo1.com/remote_control.php?time=1767712695&cv=a5df8582e6558fcf6bc25d7f02e5e646&lr=0&cv2=81173262e5b3e34fa9ebf67326ca98a5&file=%2Fvideos%2F948000%2F948429%2F948429_360p.mp4&cv3=2d8ee1a66c0ca6ce75d84c67a50a70e9&cv4=3ea2409b52380eb78c22c143fa6e27db",
  },
  {
    "format": "mp4",
    "label": "Fsst",
    "meta": {
      "countryCodes": [],
      "extractorId": "fsst",
      "height": 720,
      "title": "Wake.Up.Dead.Man.A.Knives.Out.Mystery.2025.mkv",
    },
    "sourceId": "fsst_",
    "url": "https://a41.filevideo1.com/remote_control.php?time=1767712695&cv=a5df8582e6558fcf6bc25d7f02e5e646&lr=0&cv2=81173262e5b3e34fa9ebf67326ca98a5&file=%2Fvideos%2F948000%2F948429%2F948429_720p.mp4&cv3=2d8ee1a66c0ca6ce75d84c67a50a70e9&cv4=6974d60c75ea0485c4f2a71b164a21ce",
  },
  {
    "format": "mp4",
    "label": "Fsst",
    "meta": {
      "countryCodes": [],
      "extractorId": "fsst",
      "height": 1080,
      "title": "Wake.Up.Dead.Man.A.Knives.Out.Mystery.2025.mkv",
    },
    "sourceId": "fsst_",
    "url": "https://a41.filevideo1.com/remote_control.php?time=1767712695&cv=a5df8582e6558fcf6bc25d7f02e5e646&lr=0&cv2=81173262e5b3e34fa9ebf67326ca98a5&file=%2Fvideos%2F948000%2F948429%2F948429.mp4&cv3=2d8ee1a66c0ca6ce75d84c67a50a70e9&cv4=7cf7fccae0c48291e3452c8ca2277f70",
  },
]
`;
