// Jest Snapshot v1, https://jestjs.io/docs/snapshot-testing

exports[`Mixdrop deleted or expired file 1`] = `[]`;

exports[`Mixdrop mixdrop.my /e/ 1`] = `
[
  {
    "format": "mp4",
    "label": "Mixdrop (via MediaFlow Proxy)",
    "meta": {
      "bytes": 1059806248,
      "countryCodes": [],
      "title": "28_giorni_dopo_2002_HD_-_Altadefinizione01.mp4",
    },
    "sourceId": "mixdrop_",
    "ttl": 900000,
    "url": "https://mediaflow.test.org/proxy/stream?api_password=test&h_user-agent=Mozilla%2F5.0+%28Windows+NT+10.0%3B+Win64%3B+x64%29+AppleWebKit%2F537.36+%28KHTML%2C+like+Gecko%29+Chrome%2F136.0.0.0+Safari%2F537.36&h_referer=https%3A%2F%2Fmixdrop.my%2Fe%2Fknq0kj8waq44l8&d=https%3A%2F%2Fs-delivery29.mxcontent.net%2Fv2%2Fknq0kj8waq44l8.mp4%3Fs%3D85VD8DA80IfkbMa3zZR3XA%26e%3D1758851244%26_t%3D1758837735",
  },
]
`;
