// Jest Snapshot v1, https://jestjs.io/docs/snapshot-testing

exports[`Streamtape streamtape.com /e 1`] = `
[
  {
    "format": "mp4",
    "label": "Streamtape (via MediaFlow Proxy)",
    "meta": {
      "bytes": 1293552945,
      "countryCodes": [],
      "title": "WALL-E.2008.1080p.BrRip.x264.YIFY.mp4",
    },
    "sourceId": "streamtape_",
    "ttl": 900000,
    "url": "https://mediaflow.test.org/proxy/stream?api_password=test&h_user-agent=Mozilla%2F5.0+%28Windows+NT+10.0%3B+Win64%3B+x64%29+AppleWebKit%2F537.36+%28KHTML%2C+like+Gecko%29+Chrome%2F136.0.0.0+Safari%2F537.36&h_referer=https%3A%2F%2Fstreamtape.com%2Fe%2FDjmZBG0K9gHkJ7z%2FWALL-E.2008.1080p.BrRip.x264.YIFY.mp4&d=https%3A%2F%2Fstreamtape.com%2Fget_video%3Fid%3DDjmZBG0K9gHkJ7z%26expires%3D1758899945%26ip%3DF0AOKRISKxSHDN%26token%3DuQu83SOzkLwi",
  },
]
`;
