// Jest Snapshot v1, https://jestjs.io/docs/snapshot-testing

exports[`Uqload uqload.net /embed- 1`] = `
[
  {
    "format": "mp4",
    "label": "Uqload (via MediaFlow Proxy)",
    "meta": {
      "bytes": 431690639,
      "countryCodes": [],
      "height": 360,
      "title": "Black Mirror S07E06 MULTI VFF 1080p WEBrip EAC3 5 1 x265-TyHD",
    },
    "sourceId": "uqload_",
    "ttl": 900000,
    "url": "https://mediaflow.test.org/proxy/stream?api_password=test&h_user-agent=Mozilla%2F5.0+%28Windows+NT+10.0%3B+Win64%3B+x64%29+AppleWebKit%2F537.36+%28KHTML%2C+like+Gecko%29+Chrome%2F136.0.0.0+Safari%2F537.36&h_referer=https%3A%2F%2Fuqload.net%2F&d=https%3A%2F%2Fm60.uqload.cx%2F3rfkr3ep2fw2q4drdinp7ppqco2xtt5ele76uwwvy24rwjscvdv3lq62jd3a%2Fv.mp4",
  },
]
`;
