// Jest Snapshot v1, https://jestjs.io/docs/snapshot-testing

exports[`XPrime primebox Alien: Earth 1`] = `
[
  {
    "format": "mp4",
    "label": "XPrime Primebox",
    "meta": {
      "bytes": 871281904,
      "countryCodes": [],
      "height": 1080,
      "title": "Alien: Earth 1x1 (2025)",
    },
    "requestHeaders": {
      "Referer": "https://xprime.tv",
    },
    "sourceId": "xprime_primebox_",
    "ttl": 21600000,
    "url": "https://oca.flutch05.workers.dev/?v=mOwlY2kjThQa8NCWs32mchoiQHzclPNneNoDGQPimK%2B3Bp%2F1cqnza7Leu1hSMqLl6oRqOYEWTcx2WwszBsdBABFyqhRv8OpdZrGuGaoeNaiBFA5Ugx5%2BfwVDxx8kgPmu9hg8UjpwPo4B49s92Z%2BC5%2FfUJFGbJOp60JaP5NFEbfaIIdgqnUc0xUrUBfZPTOW%2FYAmi4D7C86WqUnPjCOh5RMYV3tWbwJ2LaZfJw%2Bfe7PAF9En4SRvsYmKGt8w6VCWzuxCCtpmRQr1E8PILpi%2Fr%2BkZOXtm%2B01mGCzY5Cv0OYAcVdqqtIylF%2FBQDbzxOuLnoXVz1QWSrroL1OiZ7dOT6TUilA5v%2F8T5ujpRy%2FDgwOvyYav%2BoiZud%2FOiY4eL%2F9UckLsgka85QlOmvvnXVzsvg%2BX1u4R02UWmJ6xlHGp5pTkRImbhERu0fJmGOjtrgDsjKy7DPVTHWPHr83nJC8dnDpw%3D%3D&headers=%7B%22Referer%22%3A%22https%3A%2F%2Frivestream.org%22%2C%22Origin%22%3A%22https%3A%2F%2Frivestream.org%22%7D&safe",
  },
  {
    "format": "mp4",
    "label": "XPrime Primebox",
    "meta": {
      "bytes": 420170402,
      "countryCodes": [],
      "height": 480,
      "title": "Alien: Earth 1x1 (2025)",
    },
    "requestHeaders": {
      "Referer": "https://xprime.tv",
    },
    "sourceId": "xprime_primebox_",
    "ttl": 21600000,
    "url": "https://oca.flutch05.workers.dev/?v=67b6sL674qhHEUcDMks3X12qkFala9ovis0QX%2F35qibiyzDOJ8IWc8yIS6kHsxUNW1x9MCx3DC79NiJLW7S86tNy94b7iW7Ec8tOalViCMsASELZnMo9lTzq08PXalRsC6E78VInBlJW5L50sTXmzBS83meFSenCqIO1VS70n1p9Q1tt%2B7frpHSdfvuQV%2FrZiWKCPsHS%2F8b3qC630HIopHQfd9tvdzCHKgtTLXJUKBdz%2BYAQBeD2T%2FovyhHLZDawtlOjqBC6w19xw1m1%2FZsVymS%2FJPFoNgCtSQf47iSKVdeDOEyLyD8vl675LxaQB0LXgjJL1JbRhqR6IbPTvNfDK1cWAeGZZybsxWM4t%2FC9bOZZAmhT3At7Vm3WFYRwWawK2YiV3Rl84umGFELYq%2BTYUstaDm6EJnu%2F8S56A92ELLJ7beFzfHjdGkEuxjhVF6me7v3awmcysmGfAw%3D%3D&headers=%7B%22Referer%22%3A%22https%3A%2F%2Frivestream.org%22%2C%22Origin%22%3A%22https%3A%2F%2Frivestream.org%22%7D&safe",
  },
]
`;

exports[`XPrime primebox Superman 1`] = `
[
  {
    "format": "mp4",
    "label": "XPrime Primebox",
    "meta": {
      "bytes": 401394599,
      "countryCodes": [],
      "height": 480,
      "title": "Superman",
    },
    "requestHeaders": {
      "Referer": "https://xprime.tv",
    },
    "sourceId": "xprime_primebox_",
    "ttl": 21600000,
    "url": "https://oca.flutch05.workers.dev/?v=AM%2FpjvLx5HEQnDENoM67g5My54wbHl3T7s3ATEfiGXU8bibIkxZ0FXSYF3rjcs1EhAuU4hj%2BgV7pVNvSPKcMn6CEJsOqF9uhHXvgLwZBpBXgh15P2EBL6V01xWTYjRlxBBQ%2B7cCae4ZM4xDY1A7AQ9Ss7nTSydP8CBMpQSW7f0ia1kHvfSr9MGtMuXQfQbPdBmgPGwONotzQSwoqfTvXoKvYV2KO00wc%2BMdYo0AIpsvQ%2B9ATjOar0kplFsIoNMBuZdbFsXn3AMVmEvUmGJ8s6O0dwZsa%2F4k3j0Id%2F3egMnl2uHyFwP3PFIZUCk8kmJq%2FL4DscSij9M9%2B%2F4dbRCN0EV5bTMHmTAWmB%2FZVOkLQGNQyMKCV1m9Ynodh%2F%2BDgkVXd%2FvekQ%2BZLdGL7rhD9s6%2BeRo3FrpySv%2BMaChLwF%2FvA0D%2FASO3jxZ533tWWBWZMIxeVfb5GvowKNuZVMYEmzCdceQ%3D%3D&headers=%7B%22Referer%22%3A%22https%3A%2F%2Frivestream.org%22%2C%22Origin%22%3A%22https%3A%2F%2Frivestream.org%22%7D&safe",
  },
  {
    "format": "mp4",
    "label": "XPrime Primebox",
    "meta": {
      "bytes": 896638128,
      "countryCodes": [],
      "height": 720,
      "title": "Superman",
    },
    "requestHeaders": {
      "Referer": "https://xprime.tv",
    },
    "sourceId": "xprime_primebox_",
    "ttl": 21600000,
    "url": "https://oca.flutch05.workers.dev/?v=UNkCgqoMa91gkb8oj4GjENnh0sf4IVcpm0knnDuHACk2rVfVyotHGJiSuTGoCXPtwXIk0rYh8mmEQpHKklZBH%2FPWKk6OPytymZB4rTF6CtFCTIu8uvFChPm%2BidnA9yIXdehDBKNV37LQY9jBze6CYdOuHA7NFEAAwbp4wi%2FzuCkLCEnvSrkqUa8n%2FxJpjjz3ftZjR3jtrqFPU3r7kyGinkMYYbGZIHBDLM3r%2F72mpuzqpXrrlUig%2FEPOkUKPoUWJEAbR34TRDi1M1S1hSLUswluTSeN5BRt5SQfBZU6RA6f4Wkd5x0ua5yF1z69qfoBluu%2BEjbd83BRb%2Fo8p%2B8oMKeNJkv54Z48dmKXQDmAteRWF6uwPRmpIQfjggl%2B%2Bagp17nXhjufCgz23EY11qBR5%2B3AN074A016DbiGv4sXA%2FA2fKQ8I5NBFCCOsFqv4b03PVJCLoMPEMHY7eFfNF3N%2BsQ%3D%3D&headers=%7B%22Referer%22%3A%22https%3A%2F%2Frivestream.org%22%2C%22Origin%22%3A%22https%3A%2F%2Frivestream.org%22%7D&safe",
  },
]
`;

exports[`XPrime primebox not found 1`] = `[]`;

exports[`XPrime unknown backend is ignored 1`] = `[]`;
