// Jest Snapshot v1, https://jestjs.io/docs/snapshot-testing

exports[`YouTube Solaris 1`] = `
[
  {
    "format": "unknown",
    "label": "YouTube",
    "meta": {
      "countryCodes": [],
      "title": "Solaris | SCIENCE FICTION | FULL MOVIE | directed by Tarkovsky",
    },
    "sourceId": "youtube_",
    "ttl": 21600000,
    "url": "https://www.youtube.com/watch?v=Z8ZhQPaw4rE",
    "ytId": "Z8ZhQPaw4rE",
  },
]
`;

exports[`YouTube unsupported format 1`] = `[]`;
