// Jest Snapshot v1, https://jestjs.io/docs/snapshot-testing

exports[`Eurostreaming handle imdb black mirror s2e4 1`] = `
[
  {
    "countryCode": "it",
    "referer": "https://eurostreaming.my/stream/284-black-mirror-streaming-streaming.html",
    "title": "Black Mirror 2x4",
    "url": "https://supervideo.cc/embed-anf0clp2vb6y.html",
  },
  {
    "countryCode": "it",
    "referer": "https://eurostreaming.my/stream/284-black-mirror-streaming-streaming.html",
    "title": "Black Mirror 2x4",
    "url": "https://supervideo.cc/embed-anf0clp2vb6y.html",
  },
  {
    "countryCode": "it",
    "referer": "https://eurostreaming.my/stream/284-black-mirror-streaming-streaming.html",
    "title": "Black Mirror 2x4",
    "url": "https://dropload.io/embed-978xyyxi3ldq.html",
  },
]
`;
