// Jest Snapshot v1, https://goo.gl/fbAQLP

exports[`Frembed handle imdb black mirror s4e2 1`] = `
[
  [
    {
      "label": "DoodStream",
      "meta": {
        "countryCode": "fr",
        "title": "Black Mirror 4x2",
      },
      "requestHeaders": {
        "Referer": "http://dood.to/",
      },
      "sourceId": "doodstream_fr",
      "ttl": 900000,
      "url": "https://ee317r.cloudatacdn.com/u5kj63yvxddlsdgge7qremqqka27irwiupc4k7o5cikbh7fdq4j4mwzraf7q/1y4sn4ndoi~mocked-random-string?token=fh3rdlhjvao7chgxndsi3ra7&expiry=639837296000",
    },
  ],
  [
    {
      "isExternal": true,
      "label": "netu.fanstream.us",
      "meta": {
        "countryCode": "fr",
        "title": "Black Mirror 4x2",
      },
      "sourceId": "external_fr",
      "ttl": 3600000,
      "url": "https://netu.fanstream.us/e/0DFgfkcXOsDP",
    },
  ],
  [
    {
      "isExternal": true,
      "label": "johnalwayssame.com",
      "meta": {
        "countryCode": "fr",
        "title": "Black Mirror 4x2",
      },
      "sourceId": "external_fr",
      "ttl": 3600000,
      "url": "https://johnalwayssame.com/e/cqy9oue7sv0g",
    },
  ],
  [
    {
      "error": [Error: TypeError: fetch failed],
      "isExternal": true,
      "label": "ds2play.com",
      "meta": {
        "countryCode": "fr",
        "title": "Black Mirror 4x2",
      },
      "sourceId": "external",
      "url": "https://ds2play.com/e/fzfvfq3ngig0",
    },
  ],
]
`;

exports[`Frembed handle tmdb black mirror s4e2 1`] = `
[
  [
    {
      "label": "DoodStream",
      "meta": {
        "countryCode": "fr",
        "title": "Black Mirror 4x2",
      },
      "requestHeaders": {
        "Referer": "http://dood.to/",
      },
      "sourceId": "doodstream_fr",
      "ttl": 900000,
      "url": "https://ee317r.cloudatacdn.com/u5kj63yvxddlsdgge7qremqqka27irwiupc4k7o5cikbh7fdq4j4mwzraf7q/1y4sn4ndoi~mocked-random-string?token=fh3rdlhjvao7chgxndsi3ra7&expiry=639837296000",
    },
  ],
  [
    {
      "isExternal": true,
      "label": "netu.fanstream.us",
      "meta": {
        "countryCode": "fr",
        "title": "Black Mirror 4x2",
      },
      "sourceId": "external_fr",
      "ttl": 3600000,
      "url": "https://netu.fanstream.us/e/0DFgfkcXOsDP",
    },
  ],
  [
    {
      "isExternal": true,
      "label": "johnalwayssame.com",
      "meta": {
        "countryCode": "fr",
        "title": "Black Mirror 4x2",
      },
      "sourceId": "external_fr",
      "ttl": 3600000,
      "url": "https://johnalwayssame.com/e/cqy9oue7sv0g",
    },
  ],
  [
    {
      "error": [Error: TypeError: fetch failed],
      "isExternal": true,
      "label": "ds2play.com",
      "meta": {
        "countryCode": "fr",
        "title": "Black Mirror 4x2",
      },
      "sourceId": "external",
      "url": "https://ds2play.com/e/fzfvfq3ngig0",
    },
  ],
]
`;
