// Jest Snapshot v1, https://jestjs.io/docs/snapshot-testing

exports[`MeineCloud handle imdb the devil's bath 1`] = `
[
  {
    "countryCode": "de",
    "referer": "https://meinecloud.click/movie/tt29141112",
    "url": "https://supervideo.cc/e/q7i0sw1oytw3",
  },
  {
    "countryCode": "de",
    "referer": "https://meinecloud.click/movie/tt29141112",
    "url": "https://dropload.io/embed-lyo2h1snpe5c.html",
  },
  {
    "countryCode": "de",
    "referer": "https://meinecloud.click/movie/tt29141112",
    "url": "https://mixdrop.ag/e/3nzwveprim63or6",
  },
  {
    "countryCode": "de",
    "referer": "https://meinecloud.click/movie/tt29141112",
    "url": "https://dood.to/e/sk1m9eumzyjj",
  },
]
`;
